Y:/VM/stm-workspace/fall-guard-od/Lib/lib_vision_models_pp/lib_vision_models_pp/Src/od_pp_st_yolox.c:19:9:st_yolox_nms_comparator	8	static
Y:/VM/stm-workspace/fall-guard-od/Lib/lib_vision_models_pp/lib_vision_models_pp/Src/od_pp_st_yolox.c:53:9:st_yolox_pp_nmsFiltering_centroid	48	static
Y:/VM/stm-workspace/fall-guard-od/Lib/lib_vision_models_pp/lib_vision_models_pp/Src/od_pp_st_yolox.c:114:9:st_yolox_pp_scoreFiltering_centroid	20	static
Y:/VM/stm-workspace/fall-guard-od/Lib/lib_vision_models_pp/lib_vision_models_pp/Src/od_pp_st_yolox.c:139:9:st_yolox_pp_level_decode	96	static
Y:/VM/stm-workspace/fall-guard-od/Lib/lib_vision_models_pp/lib_vision_models_pp/Src/od_pp_st_yolox.c:205:9:st_yolox_pp_store_detections	56	static
Y:/VM/stm-workspace/fall-guard-od/Lib/lib_vision_models_pp/lib_vision_models_pp/Src/od_pp_st_yolox.c:238:9:st_yolox_pp_getNNBoxes_centroid	48	dynamic
Y:/VM/stm-workspace/fall-guard-od/Lib/lib_vision_models_pp/lib_vision_models_pp/Src/od_pp_st_yolox.c:304:9:od_st_yolox_pp_reset	0	static
Y:/VM/stm-workspace/fall-guard-od/Lib/lib_vision_models_pp/lib_vision_models_pp/Src/od_pp_st_yolox.c:313:9:od_st_yolox_pp_process	16	static
