Y:/VM/stm-workspace/fall-guard-od/Model/network.c:1620:13:_ec_blob_cache_start_func_66	8	static
Y:/VM/stm-workspace/fall-guard-od/Model/network.c:1154:13:_ec_blob_cache_start_func_62	0	static
Y:/VM/stm-workspace/fall-guard-od/Model/network.c:776:13:_ec_blob_cache_start_func_55	8	static
Y:/VM/stm-workspace/fall-guard-od/Model/network.c:629:13:_ec_blob_cache_start_func_53	8	static
Y:/VM/stm-workspace/fall-guard-od/Model/network.c:474:13:_ec_blob_cache_start_func_49	8	static
Y:/VM/stm-workspace/fall-guard-od/Model/network.c:327:13:_ec_blob_cache_start_func_47	8	static
Y:/VM/stm-workspace/fall-guard-od/Model/network.c:172:13:_ec_blob_cache_start_func_1	8	static
Y:/VM/stm-workspace/fall-guard-od/Model/network.c:1540:13:LL_ATON_End_EpochBlock_65	200	static
Y:/VM/stm-workspace/fall-guard-od/Model/network.c:1074:13:LL_ATON_End_EpochBlock_61	200	static
Y:/VM/stm-workspace/fall-guard-od/Model/network.c:1428:13:LL_ATON_End_EpochBlock_64	344	static
Y:/VM/stm-workspace/fall-guard-od/Model/network.c:1176:13:LL_ATON_End_EpochBlock_63	24	static
Y:/VM/stm-workspace/fall-guard-od/Model/network.c:822:13:LL_ATON_End_EpochBlock_60	24	static
Y:/VM/stm-workspace/fall-guard-od/Model/network.c:659:13:LL_ATON_End_EpochBlock_54	432	static
Y:/VM/stm-workspace/fall-guard-od/Model/network.c:512:13:LL_ATON_End_EpochBlock_52	440	static
Y:/VM/stm-workspace/fall-guard-od/Model/network.c:357:13:LL_ATON_End_EpochBlock_48	432	static
Y:/VM/stm-workspace/fall-guard-od/Model/network.c:210:13:LL_ATON_End_EpochBlock_46	432	static
Y:/VM/stm-workspace/fall-guard-od/Model/network.c:92:26:LL_ATON_Set_User_Input_Buffer_Default	0	static
Y:/VM/stm-workspace/fall-guard-od/Model/network.c:107:7:LL_ATON_Get_User_Input_Buffer_Default	0	static
Y:/VM/stm-workspace/fall-guard-od/Model/network.c:118:26:LL_ATON_Set_User_Output_Buffer_Default	0	static
Y:/VM/stm-workspace/fall-guard-od/Model/network.c:149:7:LL_ATON_Get_User_Output_Buffer_Default	0	static
Y:/VM/stm-workspace/fall-guard-od/Model/network_ecblobs.h:4910:6:LL_ATON_EC_Network_Init_Default	0	static
Y:/VM/stm-workspace/fall-guard-od/Model/network_ecblobs.h:4918:6:LL_ATON_EC_Inference_Init_Default	0	static
Y:/VM/stm-workspace/fall-guard-od/Model/network.c:1650:31:LL_ATON_EpochBlockItems_Default	0	static
Y:/VM/stm-workspace/fall-guard-od/Model/network.c:1865:30:LL_ATON_Input_Buffers_Info_Default	0	static
Y:/VM/stm-workspace/fall-guard-od/Model/network.c:7449:30:LL_ATON_Output_Buffers_Info_Default	0	static
Y:/VM/stm-workspace/fall-guard-od/Model/network.c:7527:30:LL_ATON_Internal_Buffers_Info_Default	0	static
