Y:/VM/stm-workspace/fall-guard-od/Lib/AI_Runtime/Npu/ll_aton/ll_aton_NN_interface.h:574:32:LL_Buffer_addr_start	0	static
Y:/VM/stm-workspace/fall-guard-od/Lib/AI_Runtime/Npu/ll_aton/ll_aton_lib_sw_operators.c:374:13:__ll_aton_lib_split_aton_canonical	64	static
Y:/VM/stm-workspace/fall-guard-od/Lib/AI_Runtime/Npu/ll_aton/ll_aton_lib_sw_operators.c:1340:13:__ll_aton_lib_pad_filling_sw	24	static
Y:/VM/stm-workspace/fall-guard-od/Lib/AI_Runtime/Npu/ll_aton/ll_aton_lib_sw_operators.c:1732:12:__ll_aton_lib_pad_filling	8	static
Y:/VM/stm-workspace/fall-guard-od/Lib/AI_Runtime/Npu/ll_aton/ll_aton_lib_sw_operators.c:124:23:__ll_aton_lib_is_in_slice	16	static
Y:/VM/stm-workspace/fall-guard-od/Lib/AI_Runtime/Npu/ll_aton/ll_aton_lib_sw_operators.c:990:24:__ll_transp_get_inner_out_axis	8	static
Y:/VM/stm-workspace/fall-guard-od/Lib/AI_Runtime/Npu/ll_aton/ll_aton_lib_sw_operators.c:1180:21:__ll_aton_lib_memset.isra	16	static
Y:/VM/stm-workspace/fall-guard-od/Lib/AI_Runtime/Npu/ll_aton/ll_aton_lib_sw_operators.c:1610:13:__ll_aton_lib_pad_edge_sw	32	static
Y:/VM/stm-workspace/fall-guard-od/Lib/AI_Runtime/Npu/ll_aton/ll_aton_lib_sw_operators.c:41:20:__ll_aton_lib_copy_element.isra	8	static
Y:/VM/stm-workspace/fall-guard-od/Lib/AI_Runtime/Npu/ll_aton/ll_aton_lib_sw_operators.c:1215:20:__ll_aton_lib_reflect_inner_framing_sw.isra	56	static
Y:/VM/stm-workspace/fall-guard-od/Lib/AI_Runtime/Npu/ll_aton/ll_aton_lib_sw_operators.c:1407:13:__ll_aton_lib_pad_reflect_sw	72	static
Y:/VM/stm-workspace/fall-guard-od/Lib/AI_Runtime/Npu/ll_aton/ll_aton_lib_sw_operators.c:1875:12:__ll_aton_lib_pad_framing_sw	8	static
Y:/VM/stm-workspace/fall-guard-od/Lib/AI_Runtime/Npu/ll_aton/ll_aton_lib_sw_operators.c:199:20:__ll_slice_copy_elem	32	static
Y:/VM/stm-workspace/fall-guard-od/Lib/AI_Runtime/Npu/ll_aton/ll_aton_lib_sw_operators.c:903:13:__ll_aton_lib_transpose	48	static
Y:/VM/stm-workspace/fall-guard-od/Lib/AI_Runtime/Npu/ll_aton/ll_aton_lib_sw_operators.c:216:13:__ll_aton_lib_slice	64	static
Y:/VM/stm-workspace/fall-guard-od/Lib/AI_Runtime/Npu/ll_aton/ll_aton_lib_sw_operators.c:278:5:LL_ATON_LIB_Slice	48	static
Y:/VM/stm-workspace/fall-guard-od/Lib/AI_Runtime/Npu/ll_aton/ll_aton_lib_sw_operators.c:516:5:LL_ATON_LIB_Split	112	static
Y:/VM/stm-workspace/fall-guard-od/Lib/AI_Runtime/Npu/ll_aton/ll_aton_lib_sw_operators.c:644:5:LL_ATON_LIB_SW_SpaceToDepth	104	static
Y:/VM/stm-workspace/fall-guard-od/Lib/AI_Runtime/Npu/ll_aton/ll_aton_lib_sw_operators.c:716:5:LL_ATON_LIB_SW_DepthToSpace	160	static
Y:/VM/stm-workspace/fall-guard-od/Lib/AI_Runtime/Npu/ll_aton/ll_aton_lib_sw_operators.c:1046:5:LL_ATON_LIB_Transpose	120	static
Y:/VM/stm-workspace/fall-guard-od/Lib/AI_Runtime/Npu/ll_aton/ll_aton_lib_sw_operators.c:1994:5:LL_ATON_LIB_Pad	136	static
