Y:/VM/stm-workspace/STM32CubeN6/Middlewares/ST/netxduo/common/src/nx_utility.c:77:7:_nx_utility_string_length_check	8	static
Y:/VM/stm-workspace/STM32CubeN6/Middlewares/ST/netxduo/common/src/nx_utility.c:151:7:_nx_utility_string_to_uint	16	static
Y:/VM/stm-workspace/STM32CubeN6/Middlewares/ST/netxduo/common/src/nx_utility.c:249:6:_nx_utility_uint_to_string	20	static
Y:/VM/stm-workspace/STM32CubeN6/Middlewares/ST/netxduo/common/src/nx_utility.c:361:6:_nx_utility_base64_encode	28	static
Y:/VM/stm-workspace/STM32CubeN6/Middlewares/ST/netxduo/common/src/nx_utility.c:533:6:_nx_utility_base64_decode	32	static
