Y:/VM/stm-workspace/fall-guard-od/STM32Cube_FW_N6/Drivers/STM32N6xx_HAL_Driver/Src/stm32n6xx_hal_rng_ex.c:85:19:HAL_RNGEx_SetConfig	16	static
Y:/VM/stm-workspace/fall-guard-od/STM32Cube_FW_N6/Drivers/STM32N6xx_HAL_Driver/Src/stm32n6xx_hal_rng_ex.c:181:19:HAL_RNGEx_GetConfig	8	static
Y:/VM/stm-workspace/fall-guard-od/STM32Cube_FW_N6/Drivers/STM32N6xx_HAL_Driver/Src/stm32n6xx_hal_rng_ex.c:232:19:HAL_RNGEx_LockConfig	0	static
Y:/VM/stm-workspace/fall-guard-od/STM32Cube_FW_N6/Drivers/STM32N6xx_HAL_Driver/Src/stm32n6xx_hal_rng_ex.c:291:19:HAL_RNGEx_RecoverSeedError	0	static
