Y:/VM/stm-workspace/STM32CubeN6/Middlewares/ST/netxduo/crypto_libraries/src/nx_crypto_ec.c:1184:21:_nx_crypto_ec_secp192r1_reduce	48	static
Y:/VM/stm-workspace/STM32CubeN6/Middlewares/ST/netxduo/crypto_libraries/src/nx_crypto_ec.c:1321:21:_nx_crypto_ec_secp224r1_reduce	48	static
Y:/VM/stm-workspace/STM32CubeN6/Middlewares/ST/netxduo/crypto_libraries/src/nx_crypto_ec.c:1464:21:_nx_crypto_ec_secp256r1_reduce	48	static
Y:/VM/stm-workspace/STM32CubeN6/Middlewares/ST/netxduo/crypto_libraries/src/nx_crypto_ec.c:1629:21:_nx_crypto_ec_secp384r1_reduce	48	static
Y:/VM/stm-workspace/STM32CubeN6/Middlewares/ST/netxduo/crypto_libraries/src/nx_crypto_ec.c:1802:21:_nx_crypto_ec_secp521r1_reduce	48	static
Y:/VM/stm-workspace/STM32CubeN6/Middlewares/ST/netxduo/crypto_libraries/src/nx_crypto_ec.c:2181:21:_nx_crypto_ec_subtract_reduce.constprop	16	static
Y:/VM/stm-workspace/STM32CubeN6/Middlewares/ST/netxduo/crypto_libraries/src/nx_crypto_ec.c:744:21:_nx_crypto_ec_point_is_infinite	8	static
Y:/VM/stm-workspace/STM32CubeN6/Middlewares/ST/netxduo/crypto_libraries/src/nx_crypto_ec.c:808:21:_nx_crypto_ec_point_set_infinite	0	static
Y:/VM/stm-workspace/STM32CubeN6/Middlewares/ST/netxduo/crypto_libraries/src/nx_crypto_ec.c:867:21:_nx_crypto_ec_point_setup	16	static
Y:/VM/stm-workspace/STM32CubeN6/Middlewares/ST/netxduo/crypto_libraries/src/nx_crypto_ec.c:941:21:_nx_crypto_ec_point_extract_uncompressed	24	static
Y:/VM/stm-workspace/STM32CubeN6/Middlewares/ST/netxduo/crypto_libraries/src/nx_crypto_ec.c:1025:21:_nx_crypto_ec_point_fp_affine_to_projective	0	static
Y:/VM/stm-workspace/STM32CubeN6/Middlewares/ST/netxduo/crypto_libraries/src/nx_crypto_ec.c:1085:21:_nx_crypto_ec_point_fp_projective_to_affine	72	static
Y:/VM/stm-workspace/STM32CubeN6/Middlewares/ST/netxduo/crypto_libraries/src/nx_crypto_ec.c:1920:21:_nx_crypto_ec_add_digit_reduce	16	static
Y:/VM/stm-workspace/STM32CubeN6/Middlewares/ST/netxduo/crypto_libraries/src/nx_crypto_ec.c:1984:21:_nx_crypto_ec_subtract_digit_reduce	16	static
Y:/VM/stm-workspace/STM32CubeN6/Middlewares/ST/netxduo/crypto_libraries/src/nx_crypto_ec.c:2541:21:_nx_crypto_ec_fp_affine_add	96	static
Y:/VM/stm-workspace/STM32CubeN6/Middlewares/ST/netxduo/crypto_libraries/src/nx_crypto_ec.c:2663:21:_nx_crypto_ec_fp_affine_subtract	80	static
Y:/VM/stm-workspace/STM32CubeN6/Middlewares/ST/netxduo/crypto_libraries/src/nx_crypto_ec.c:2045:21:_nx_crypto_ec_fp_reduce	0	static
Y:/VM/stm-workspace/STM32CubeN6/Middlewares/ST/netxduo/crypto_libraries/src/nx_crypto_ec.c:2107:21:_nx_crypto_ec_add_reduce	16	static
Y:/VM/stm-workspace/STM32CubeN6/Middlewares/ST/netxduo/crypto_libraries/src/nx_crypto_ec.c:2181:21:_nx_crypto_ec_subtract_reduce	16	static
Y:/VM/stm-workspace/STM32CubeN6/Middlewares/ST/netxduo/crypto_libraries/src/nx_crypto_ec.c:2254:21:_nx_crypto_ec_fp_projective_add	112	static
Y:/VM/stm-workspace/STM32CubeN6/Middlewares/ST/netxduo/crypto_libraries/src/nx_crypto_ec.c:2404:21:_nx_crypto_ec_fp_projective_double	112	static
Y:/VM/stm-workspace/STM32CubeN6/Middlewares/ST/netxduo/crypto_libraries/src/nx_crypto_ec.c:2723:21:_nx_crypto_ec_naf_compute	48	static
Y:/VM/stm-workspace/STM32CubeN6/Middlewares/ST/netxduo/crypto_libraries/src/nx_crypto_ec.c:3000:21:_nx_crypto_ec_fp_fixed_multiple	104	static
Y:/VM/stm-workspace/STM32CubeN6/Middlewares/ST/netxduo/crypto_libraries/src/nx_crypto_ec.c:2867:21:_nx_crypto_ec_fp_projective_multiple	160	static
Y:/VM/stm-workspace/STM32CubeN6/Middlewares/ST/netxduo/crypto_libraries/src/nx_crypto_ec.c:3147:21:_nx_crypto_ec_key_pair_generation_extra	72	static
Y:/VM/stm-workspace/STM32CubeN6/Middlewares/ST/netxduo/crypto_libraries/src/nx_crypto_ec.c:3240:21:_nx_crypto_ec_key_pair_stream_generate	112	static
Y:/VM/stm-workspace/STM32CubeN6/Middlewares/ST/netxduo/crypto_libraries/src/nx_crypto_ec.c:3351:21:_nx_crypto_ec_precomputation	96	static
Y:/VM/stm-workspace/STM32CubeN6/Middlewares/ST/netxduo/crypto_libraries/src/nx_crypto_ec.c:3535:21:_nx_crypto_ec_fixed_output	120	static
Y:/VM/stm-workspace/STM32CubeN6/Middlewares/ST/netxduo/crypto_libraries/src/nx_crypto_ec.c:3784:21:_nx_crypto_ec_get_named_curve	12	static
Y:/VM/stm-workspace/STM32CubeN6/Middlewares/ST/netxduo/crypto_libraries/src/nx_crypto_ec.c:3853:21:_nx_crypto_method_ec_secp192r1_operation	0	static
Y:/VM/stm-workspace/STM32CubeN6/Middlewares/ST/netxduo/crypto_libraries/src/nx_crypto_ec.c:3941:21:_nx_crypto_method_ec_secp224r1_operation	0	static
Y:/VM/stm-workspace/STM32CubeN6/Middlewares/ST/netxduo/crypto_libraries/src/nx_crypto_ec.c:4028:21:_nx_crypto_method_ec_secp256r1_operation	0	static
Y:/VM/stm-workspace/STM32CubeN6/Middlewares/ST/netxduo/crypto_libraries/src/nx_crypto_ec.c:4115:21:_nx_crypto_method_ec_secp384r1_operation	0	static
Y:/VM/stm-workspace/STM32CubeN6/Middlewares/ST/netxduo/crypto_libraries/src/nx_crypto_ec.c:4202:21:_nx_crypto_method_ec_secp521r1_operation	0	static
Y:/VM/stm-workspace/STM32CubeN6/Middlewares/ST/netxduo/crypto_libraries/src/nx_crypto_ec.c:4287:6:_nx_crypto_ec_validate_public_key	64	static
