Y:/VM/stm-workspace/STM32CubeN6/Middlewares/ST/netxduo/crypto_libraries/src/nx_crypto_3des.c:134:22:_nx_crypto_3des_encrypt	16	static
Y:/VM/stm-workspace/STM32CubeN6/Middlewares/ST/netxduo/crypto_libraries/src/nx_crypto_3des.c:200:22:_nx_crypto_3des_decrypt	16	static
Y:/VM/stm-workspace/STM32CubeN6/Middlewares/ST/netxduo/crypto_libraries/src/nx_crypto_3des.c:72:22:_nx_crypto_3des_key_set	16	static
Y:/VM/stm-workspace/STM32CubeN6/Middlewares/ST/netxduo/crypto_libraries/src/nx_crypto_3des.c:272:22:_nx_crypto_method_3des_init	8	static
Y:/VM/stm-workspace/STM32CubeN6/Middlewares/ST/netxduo/crypto_libraries/src/nx_crypto_3des.c:355:22:_nx_crypto_method_3des_cleanup	0	static
Y:/VM/stm-workspace/STM32CubeN6/Middlewares/ST/netxduo/crypto_libraries/src/nx_crypto_3des.c:434:22:_nx_crypto_method_3des_operation	24	static
