Y:/VM/stm-workspace/STM32CubeN6/Middlewares/ST/netxduo/crypto_libraries/src/nx_crypto_hmac.c:437:6:_nx_crypto_hmac_hash_initialize	48	static
Y:/VM/stm-workspace/STM32CubeN6/Middlewares/ST/netxduo/crypto_libraries/src/nx_crypto_hmac.c:515:8:_nx_crypto_hmac_hash_update	56	static
Y:/VM/stm-workspace/STM32CubeN6/Middlewares/ST/netxduo/crypto_libraries/src/nx_crypto_hmac.c:591:8:_nx_crypto_hmac_hash_digest_calculate	48	static
Y:/VM/stm-workspace/STM32CubeN6/Middlewares/ST/netxduo/crypto_libraries/src/nx_crypto_hmac.c:141:21:_nx_crypto_hmac_initialize	160	static
Y:/VM/stm-workspace/STM32CubeN6/Middlewares/ST/netxduo/crypto_libraries/src/nx_crypto_hmac.c:243:21:_nx_crypto_hmac_update	8	static
Y:/VM/stm-workspace/STM32CubeN6/Middlewares/ST/netxduo/crypto_libraries/src/nx_crypto_hmac.c:299:21:_nx_crypto_hmac_digest_calculate	88	static
Y:/VM/stm-workspace/STM32CubeN6/Middlewares/ST/netxduo/crypto_libraries/src/nx_crypto_hmac.c:75:21:_nx_crypto_hmac	16	static
Y:/VM/stm-workspace/STM32CubeN6/Middlewares/ST/netxduo/crypto_libraries/src/nx_crypto_hmac.c:379:21:_nx_crypto_hmac_metadata_set	0	static
Y:/VM/stm-workspace/STM32CubeN6/Middlewares/ST/netxduo/crypto_libraries/src/nx_crypto_hmac.c:675:22:_nx_crypto_method_hmac_init	0	static
Y:/VM/stm-workspace/STM32CubeN6/Middlewares/ST/netxduo/crypto_libraries/src/nx_crypto_hmac.c:754:22:_nx_crypto_method_hmac_cleanup	0	static
Y:/VM/stm-workspace/STM32CubeN6/Middlewares/ST/netxduo/crypto_libraries/src/nx_crypto_hmac.c:830:21:_nx_crypto_method_hmac_operation	40	static
