Y:/VM/stm-workspace/STM32CubeN6/Middlewares/ST/netxduo/crypto_libraries/src/nx_crypto_huge_number.c:87:21:_nx_crypto_huge_number_is_zero	0	static
Y:/VM/stm-workspace/STM32CubeN6/Middlewares/ST/netxduo/crypto_libraries/src/nx_crypto_huge_number.c:350:21:_nx_crypto_huge_number_add_unsigned	28	static
Y:/VM/stm-workspace/STM32CubeN6/Middlewares/ST/netxduo/crypto_libraries/src/nx_crypto_huge_number.c:533:21:_nx_crypto_huge_number_add_digit_unsigned	20	static
Y:/VM/stm-workspace/STM32CubeN6/Middlewares/ST/netxduo/crypto_libraries/src/nx_crypto_huge_number.c:671:21:_nx_crypto_huge_number_shift_left	20	static
Y:/VM/stm-workspace/STM32CubeN6/Middlewares/ST/netxduo/crypto_libraries/src/nx_crypto_huge_number.c:810:21:_nx_crypto_huge_number_adjust_size	0	static
Y:/VM/stm-workspace/STM32CubeN6/Middlewares/ST/netxduo/crypto_libraries/src/nx_crypto_huge_number.c:455:21:_nx_crypto_huge_number_subtract_unsigned	28	static
Y:/VM/stm-workspace/STM32CubeN6/Middlewares/ST/netxduo/crypto_libraries/src/nx_crypto_huge_number.c:608:21:_nx_crypto_huge_number_subtract_digit_unsigned	8	static
Y:/VM/stm-workspace/STM32CubeN6/Middlewares/ST/netxduo/crypto_libraries/src/nx_crypto_huge_number.c:741:21:_nx_crypto_huge_number_shift_right	16	static
Y:/VM/stm-workspace/STM32CubeN6/Middlewares/ST/netxduo/crypto_libraries/src/nx_crypto_huge_number.c:987:21:_nx_crypto_huge_number_compare_unsigned	12	static
Y:/VM/stm-workspace/STM32CubeN6/Middlewares/ST/netxduo/crypto_libraries/src/nx_crypto_huge_number.c:172:21:_nx_crypto_huge_number_add	16	static
Y:/VM/stm-workspace/STM32CubeN6/Middlewares/ST/netxduo/crypto_libraries/src/nx_crypto_huge_number.c:270:21:_nx_crypto_huge_number_subtract	16	static
Y:/VM/stm-workspace/STM32CubeN6/Middlewares/ST/netxduo/crypto_libraries/src/nx_crypto_huge_number.c:896:21:_nx_crypto_huge_number_compare	8	static
Y:/VM/stm-workspace/STM32CubeN6/Middlewares/ST/netxduo/crypto_libraries/src/nx_crypto_huge_number.c:1086:21:_nx_crypto_huge_number_multiply	48	static
Y:/VM/stm-workspace/STM32CubeN6/Middlewares/ST/netxduo/crypto_libraries/src/nx_crypto_huge_number.c:1197:21:_nx_crypto_huge_number_multiply_digit	24	static
Y:/VM/stm-workspace/STM32CubeN6/Middlewares/ST/netxduo/crypto_libraries/src/nx_crypto_huge_number.c:1289:21:_nx_crypto_huge_number_square	56	static
Y:/VM/stm-workspace/STM32CubeN6/Middlewares/ST/netxduo/crypto_libraries/src/nx_crypto_huge_number.c:1420:21:_nx_crypto_huge_number_modulus	72	static
Y:/VM/stm-workspace/STM32CubeN6/Middlewares/ST/netxduo/crypto_libraries/src/nx_crypto_huge_number.c:1661:21:_nx_crypto_huge_number_setup	20	static
Y:/VM/stm-workspace/STM32CubeN6/Middlewares/ST/netxduo/crypto_libraries/src/nx_crypto_huge_number.c:1789:21:_nx_crypto_huge_number_rbg	24	static
Y:/VM/stm-workspace/STM32CubeN6/Middlewares/ST/netxduo/crypto_libraries/src/nx_crypto_huge_number.c:1917:21:_nx_crypto_huge_number_extract	20	static
Y:/VM/stm-workspace/STM32CubeN6/Middlewares/ST/netxduo/crypto_libraries/src/nx_crypto_huge_number.c:1995:21:_nx_crypto_huge_number_extract_fixed_size	32	static
Y:/VM/stm-workspace/STM32CubeN6/Middlewares/ST/netxduo/crypto_libraries/src/nx_crypto_huge_number.c:2160:21:_nx_crypto_huge_number_inverse_modulus_prime	112	static
Y:/VM/stm-workspace/STM32CubeN6/Middlewares/ST/netxduo/crypto_libraries/src/nx_crypto_huge_number.c:2297:21:_nx_crypto_huge_number_inverse_modulus	152	static
Y:/VM/stm-workspace/STM32CubeN6/Middlewares/ST/netxduo/crypto_libraries/src/nx_crypto_huge_number.c:2456:21:_nx_crypto_huge_number_mont	80	static
Y:/VM/stm-workspace/STM32CubeN6/Middlewares/ST/netxduo/crypto_libraries/src/nx_crypto_huge_number.c:2612:21:_nx_crypto_huge_number_mont_power_modulus	176	static
Y:/VM/stm-workspace/STM32CubeN6/Middlewares/ST/netxduo/crypto_libraries/src/nx_crypto_huge_number.c:2796:21:_nx_crypto_huge_number_crt_power_modulus	152	static
