Y:/VM/stm-workspace/STM32CubeN6/Middlewares/ST/netxduo/common/drivers/ethernet/rtl8211/nx_stm32_phy_driver.c:117:9:rtl8211_io_deinit	0	static
Y:/VM/stm-workspace/STM32CubeN6/Middlewares/ST/netxduo/common/drivers/ethernet/rtl8211/nx_stm32_phy_driver.c:153:9:rtl8211_io_get_tick	0	static
Y:/VM/stm-workspace/STM32CubeN6/Middlewares/ST/netxduo/common/drivers/ethernet/rtl8211/nx_stm32_phy_driver.c:129:9:rtl8211_io_read_reg	8	static
Y:/VM/stm-workspace/STM32CubeN6/Middlewares/ST/netxduo/common/drivers/ethernet/rtl8211/nx_stm32_phy_driver.c:139:9:rtl8211_io_write_reg	8	static
Y:/VM/stm-workspace/STM32CubeN6/Middlewares/ST/netxduo/common/drivers/ethernet/rtl8211/nx_stm32_phy_driver.c:100:9:rtl8211_io_init	8	static
Y:/VM/stm-workspace/STM32CubeN6/Middlewares/ST/netxduo/common/drivers/ethernet/rtl8211/nx_stm32_phy_driver.c:43:9:nx_eth_phy_init	8	static
Y:/VM/stm-workspace/STM32CubeN6/Middlewares/ST/netxduo/common/drivers/ethernet/rtl8211/nx_stm32_phy_driver.c:65:9:nx_eth_phy_set_link_state	0	static
Y:/VM/stm-workspace/STM32CubeN6/Middlewares/ST/netxduo/common/drivers/ethernet/rtl8211/nx_stm32_phy_driver.c:76:9:nx_eth_phy_get_link_state	0	static
Y:/VM/stm-workspace/STM32CubeN6/Middlewares/ST/netxduo/common/drivers/ethernet/rtl8211/nx_stm32_phy_driver.c:89:21:nx_eth_phy_get_handle	0	static
