Y:/VM/stm-workspace/STM32CubeN6/Middlewares/ST/netxduo/addons/dns/nxd_dns.c:8325:13:_nx_dns_name_string_unencode	24	static
Y:/VM/stm-workspace/STM32CubeN6/Middlewares/ST/netxduo/addons/dns/nxd_dns.c:8506:14:_nx_dns_name_size_calculate	8	static
Y:/VM/stm-workspace/STM32CubeN6/Middlewares/ST/netxduo/addons/dns/nxd_dns.c:8763:14:_nx_dns_resource_type_get	16	static
Y:/VM/stm-workspace/STM32CubeN6/Middlewares/ST/netxduo/addons/dns/nxd_dns.c:8904:14:_nx_dns_resource_data_length_get	16	static
Y:/VM/stm-workspace/STM32CubeN6/Middlewares/ST/netxduo/addons/dns/nxd_dns.c:8974:16:_nx_dns_resource_data_address_get	16	static
Y:/VM/stm-workspace/STM32CubeN6/Middlewares/ST/netxduo/addons/dns/nxd_dns.c:9041:14:_nx_dns_resource_size_get	24	static
Y:/VM/stm-workspace/STM32CubeN6/Middlewares/ST/netxduo/addons/dns/nxd_dns.c:9268:14:_nx_dns_number_to_ascii_convert	8	static
Y:/VM/stm-workspace/STM32CubeN6/Middlewares/ST/netxduo/addons/dns/nxd_dns.c:967:6:_nx_dns_server_add_internal	24	static
Y:/VM/stm-workspace/STM32CubeN6/Middlewares/ST/netxduo/addons/dns/nxd_dns.c:1446:14:_nx_dns_server_remove_internal	24	static
Y:/VM/stm-workspace/STM32CubeN6/Middlewares/ST/netxduo/addons/dns/nxd_dns.c:2130:14:_nx_dns_server_get_internal	24	static
Y:/VM/stm-workspace/STM32CubeN6/Middlewares/ST/netxduo/addons/dns/nxd_dns.c:4747:13:_nx_dns_response_receive	32	static
Y:/VM/stm-workspace/STM32CubeN6/Middlewares/ST/netxduo/addons/dns/nxd_dns.c:7890:13:_nx_dns_new_packet_create	32	static
Y:/VM/stm-workspace/STM32CubeN6/Middlewares/ST/netxduo/addons/dns/nxd_dns.c:7626:14:_nx_dns_host_by_address_get_internal	160	static
Y:/VM/stm-workspace/STM32CubeN6/Middlewares/ST/netxduo/addons/dns/nxd_dns.c:241:6:_nx_dns_create	48	static
Y:/VM/stm-workspace/STM32CubeN6/Middlewares/ST/netxduo/addons/dns/nxd_dns.c:169:7:_nxe_dns_create	8	static,ignoring_inline_asm
Y:/VM/stm-workspace/STM32CubeN6/Middlewares/ST/netxduo/addons/dns/nxd_dns.c:368:7:_nxe_dns_packet_pool_set	0	static
Y:/VM/stm-workspace/STM32CubeN6/Middlewares/ST/netxduo/addons/dns/nxd_dns.c:444:7:_nx_dns_packet_pool_set	0	static
Y:/VM/stm-workspace/STM32CubeN6/Middlewares/ST/netxduo/addons/dns/nxd_dns.c:574:7:_nx_dns_delete	8	static
Y:/VM/stm-workspace/STM32CubeN6/Middlewares/ST/netxduo/addons/dns/nxd_dns.c:506:7:_nxe_dns_delete	0	static,ignoring_inline_asm
Y:/VM/stm-workspace/STM32CubeN6/Middlewares/ST/netxduo/addons/dns/nxd_dns.c:732:7:_nx_dns_server_add	16	static
Y:/VM/stm-workspace/STM32CubeN6/Middlewares/ST/netxduo/addons/dns/nxd_dns.c:655:7:_nxe_dns_server_add	4	static,ignoring_inline_asm
Y:/VM/stm-workspace/STM32CubeN6/Middlewares/ST/netxduo/addons/dns/nxd_dns.c:800:7:_nxde_dns_server_add	4	static,ignoring_inline_asm
Y:/VM/stm-workspace/STM32CubeN6/Middlewares/ST/netxduo/addons/dns/nxd_dns.c:913:6:_nxd_dns_server_add	0	static
Y:/VM/stm-workspace/STM32CubeN6/Middlewares/ST/netxduo/addons/dns/nxd_dns.c:1215:7:_nx_dns_server_remove	16	static
Y:/VM/stm-workspace/STM32CubeN6/Middlewares/ST/netxduo/addons/dns/nxd_dns.c:1140:7:_nxe_dns_server_remove	4	static,ignoring_inline_asm
Y:/VM/stm-workspace/STM32CubeN6/Middlewares/ST/netxduo/addons/dns/nxd_dns.c:1282:7:_nxde_dns_server_remove	4	static,ignoring_inline_asm
Y:/VM/stm-workspace/STM32CubeN6/Middlewares/ST/netxduo/addons/dns/nxd_dns.c:1389:7:_nxd_dns_server_remove	0	static
Y:/VM/stm-workspace/STM32CubeN6/Middlewares/ST/netxduo/addons/dns/nxd_dns.c:1673:7:_nx_dns_server_remove_all	16	static
Y:/VM/stm-workspace/STM32CubeN6/Middlewares/ST/netxduo/addons/dns/nxd_dns.c:1613:7:_nxe_dns_server_remove_all	0	static,ignoring_inline_asm
Y:/VM/stm-workspace/STM32CubeN6/Middlewares/ST/netxduo/addons/dns/nxd_dns.c:1801:7:_nx_dns_get_serverlist_size	8	static
Y:/VM/stm-workspace/STM32CubeN6/Middlewares/ST/netxduo/addons/dns/nxd_dns.c:1741:7:_nxe_dns_get_serverlist_size	4	static,ignoring_inline_asm
Y:/VM/stm-workspace/STM32CubeN6/Middlewares/ST/netxduo/addons/dns/nxd_dns.c:1930:7:_nx_dns_server_get	16	static
Y:/VM/stm-workspace/STM32CubeN6/Middlewares/ST/netxduo/addons/dns/nxd_dns.c:1867:7:_nxe_dns_server_get	8	static,ignoring_inline_asm
Y:/VM/stm-workspace/STM32CubeN6/Middlewares/ST/netxduo/addons/dns/nxd_dns.c:2011:7:_nxde_dns_server_get	4	static,ignoring_inline_asm
Y:/VM/stm-workspace/STM32CubeN6/Middlewares/ST/netxduo/addons/dns/nxd_dns.c:2078:7:_nxd_dns_server_get	0	static
Y:/VM/stm-workspace/STM32CubeN6/Middlewares/ST/netxduo/addons/dns/nxd_dns.c:4652:6:_nx_dns_response_get	104	static
Y:/VM/stm-workspace/STM32CubeN6/Middlewares/ST/netxduo/addons/dns/nxd_dns.c:3911:14:_nx_dns_host_resource_data_by_name_get	72	static
Y:/VM/stm-workspace/STM32CubeN6/Middlewares/ST/netxduo/addons/dns/nxd_dns.c:2328:7:_nx_dns_host_by_name_get	32	static
Y:/VM/stm-workspace/STM32CubeN6/Middlewares/ST/netxduo/addons/dns/nxd_dns.c:2256:7:_nxe_dns_host_by_name_get	12	static,ignoring_inline_asm
Y:/VM/stm-workspace/STM32CubeN6/Middlewares/ST/netxduo/addons/dns/nxd_dns.c:2468:7:_nxd_dns_host_by_name_get	40	static
Y:/VM/stm-workspace/STM32CubeN6/Middlewares/ST/netxduo/addons/dns/nxd_dns.c:2395:7:_nxde_dns_host_by_name_get	16	static,ignoring_inline_asm
Y:/VM/stm-workspace/STM32CubeN6/Middlewares/ST/netxduo/addons/dns/nxd_dns.c:2806:7:_nx_dns_ipv4_address_by_name_get	24	static
Y:/VM/stm-workspace/STM32CubeN6/Middlewares/ST/netxduo/addons/dns/nxd_dns.c:2725:7:_nxe_dns_ipv4_address_by_name_get	16	static,ignoring_inline_asm
Y:/VM/stm-workspace/STM32CubeN6/Middlewares/ST/netxduo/addons/dns/nxd_dns.c:2949:7:_nxd_dns_ipv6_address_by_name_get	24	static
Y:/VM/stm-workspace/STM32CubeN6/Middlewares/ST/netxduo/addons/dns/nxd_dns.c:2867:7:_nxde_dns_ipv6_address_by_name_get	16	static,ignoring_inline_asm
Y:/VM/stm-workspace/STM32CubeN6/Middlewares/ST/netxduo/addons/dns/nxd_dns.c:7409:7:_nx_dns_host_by_address_get	24	static
Y:/VM/stm-workspace/STM32CubeN6/Middlewares/ST/netxduo/addons/dns/nxd_dns.c:7339:7:_nxe_dns_host_by_address_get	16	static,ignoring_inline_asm
Y:/VM/stm-workspace/STM32CubeN6/Middlewares/ST/netxduo/addons/dns/nxd_dns.c:7485:7:_nxde_dns_host_by_address_get	16	static,ignoring_inline_asm
Y:/VM/stm-workspace/STM32CubeN6/Middlewares/ST/netxduo/addons/dns/nxd_dns.c:7560:7:_nxd_dns_host_by_address_get	0	static
