Y:/VM/stm-workspace/STM32CubeN6/Middlewares/ST/netxduo/addons/sntp/nxd_sntp_client.c:586:7:_nx_sntp_client_update_timeout_entry	0	static
Y:/VM/stm-workspace/STM32CubeN6/Middlewares/ST/netxduo/addons/sntp/nxd_sntp_client.c:3692:7:_nx_sntp_client_receive_notify	8	static
Y:/VM/stm-workspace/STM32CubeN6/Middlewares/ST/netxduo/addons/sntp/nxd_sntp_client.c:232:7:_nx_sntp_client_create	56	static
Y:/VM/stm-workspace/STM32CubeN6/Middlewares/ST/netxduo/addons/sntp/nxd_sntp_client.c:134:7:_nxe_sntp_client_create	28	static
Y:/VM/stm-workspace/STM32CubeN6/Middlewares/ST/netxduo/addons/sntp/nxd_sntp_client.c:508:7:_nx_sntp_client_delete	16	static
Y:/VM/stm-workspace/STM32CubeN6/Middlewares/ST/netxduo/addons/sntp/nxd_sntp_client.c:433:7:_nxe_sntp_client_delete	0	static,ignoring_inline_asm
Y:/VM/stm-workspace/STM32CubeN6/Middlewares/ST/netxduo/addons/sntp/nxd_sntp_client.c:672:7:_nx_sntp_client_create_time_request_packet	16	static
Y:/VM/stm-workspace/STM32CubeN6/Middlewares/ST/netxduo/addons/sntp/nxd_sntp_client.c:824:7:_nxd_sntp_client_initialize_unicast	8	static
Y:/VM/stm-workspace/STM32CubeN6/Middlewares/ST/netxduo/addons/sntp/nxd_sntp_client.c:753:7:_nxde_sntp_client_initialize_unicast	0	static,ignoring_inline_asm
Y:/VM/stm-workspace/STM32CubeN6/Middlewares/ST/netxduo/addons/sntp/nxd_sntp_client.c:990:7:_nx_sntp_client_initialize_unicast	16	static
Y:/VM/stm-workspace/STM32CubeN6/Middlewares/ST/netxduo/addons/sntp/nxd_sntp_client.c:911:7:_nxe_sntp_client_initialize_unicast	0	static,ignoring_inline_asm
Y:/VM/stm-workspace/STM32CubeN6/Middlewares/ST/netxduo/addons/sntp/nxd_sntp_client.c:1122:7:_nx_sntp_client_run_unicast	24	static
Y:/VM/stm-workspace/STM32CubeN6/Middlewares/ST/netxduo/addons/sntp/nxd_sntp_client.c:1053:7:_nxe_sntp_client_run_unicast	0	static,ignoring_inline_asm
Y:/VM/stm-workspace/STM32CubeN6/Middlewares/ST/netxduo/addons/sntp/nxd_sntp_client.c:1514:7:_nxd_sntp_client_initialize_broadcast	0	static
Y:/VM/stm-workspace/STM32CubeN6/Middlewares/ST/netxduo/addons/sntp/nxd_sntp_client.c:1434:7:_nxde_sntp_client_initialize_broadcast	4	static,ignoring_inline_asm
Y:/VM/stm-workspace/STM32CubeN6/Middlewares/ST/netxduo/addons/sntp/nxd_sntp_client.c:1709:7:_nx_sntp_client_initialize_broadcast	16	static
Y:/VM/stm-workspace/STM32CubeN6/Middlewares/ST/netxduo/addons/sntp/nxd_sntp_client.c:1626:7:_nxe_sntp_client_initialize_broadcast	4	static,ignoring_inline_asm
Y:/VM/stm-workspace/STM32CubeN6/Middlewares/ST/netxduo/addons/sntp/nxd_sntp_client.c:1853:7:_nx_sntp_client_stop	32	static
Y:/VM/stm-workspace/STM32CubeN6/Middlewares/ST/netxduo/addons/sntp/nxd_sntp_client.c:1788:7:_nxe_sntp_client_stop	0	static
Y:/VM/stm-workspace/STM32CubeN6/Middlewares/ST/netxduo/addons/sntp/nxd_sntp_client.c:2040:7:_nx_sntp_client_run_broadcast	32	static
Y:/VM/stm-workspace/STM32CubeN6/Middlewares/ST/netxduo/addons/sntp/nxd_sntp_client.c:1970:7:_nxe_sntp_client_run_broadcast	0	static,ignoring_inline_asm
Y:/VM/stm-workspace/STM32CubeN6/Middlewares/ST/netxduo/addons/sntp/nxd_sntp_client.c:2303:7:_nx_sntp_client_send_unicast_request	32	static
Y:/VM/stm-workspace/STM32CubeN6/Middlewares/ST/netxduo/addons/sntp/nxd_sntp_client.c:2970:7:_nx_sntp_client_reset_current_time_message	16	static
Y:/VM/stm-workspace/STM32CubeN6/Middlewares/ST/netxduo/addons/sntp/nxd_sntp_client.c:3148:7:_nx_sntp_client_duplicate_update_check	16	static
Y:/VM/stm-workspace/STM32CubeN6/Middlewares/ST/netxduo/addons/sntp/nxd_sntp_client.c:3491:7:_nx_sntp_client_check_server_clock_dispersion	16	static
Y:/VM/stm-workspace/STM32CubeN6/Middlewares/ST/netxduo/addons/sntp/nxd_sntp_client.c:3962:7:_nx_sntp_client_calculate_roundtrip	8	static
Y:/VM/stm-workspace/STM32CubeN6/Middlewares/ST/netxduo/addons/sntp/nxd_sntp_client.c:4358:7:_nx_sntp_client_utility_convert_time_to_UCHAR	0	static
Y:/VM/stm-workspace/STM32CubeN6/Middlewares/ST/netxduo/addons/sntp/nxd_sntp_client.c:5282:6:_nx_sntp_client_receiving_updates	16	static
Y:/VM/stm-workspace/STM32CubeN6/Middlewares/ST/netxduo/addons/sntp/nxd_sntp_client.c:5214:6:_nxe_sntp_client_receiving_updates	0	static
Y:/VM/stm-workspace/STM32CubeN6/Middlewares/ST/netxduo/addons/sntp/nxd_sntp_client.c:5344:7:_nxe_sntp_client_set_local_time	0	static
Y:/VM/stm-workspace/STM32CubeN6/Middlewares/ST/netxduo/addons/sntp/nxd_sntp_client.c:5422:7:_nx_sntp_client_set_local_time	0	static
Y:/VM/stm-workspace/STM32CubeN6/Middlewares/ST/netxduo/addons/sntp/nxd_sntp_client.c:5478:9:_nxe_sntp_client_set_time_update_notify	0	static
Y:/VM/stm-workspace/STM32CubeN6/Middlewares/ST/netxduo/addons/sntp/nxd_sntp_client.c:5537:9:_nx_sntp_client_set_time_update_notify	0	static
Y:/VM/stm-workspace/STM32CubeN6/Middlewares/ST/netxduo/addons/sntp/nxd_sntp_client.c:5771:6:_nx_sntp_client_utility_is_zero_data	0	static
Y:/VM/stm-workspace/STM32CubeN6/Middlewares/ST/netxduo/addons/sntp/nxd_sntp_client.c:2804:7:_nx_sntp_client_extract_time_message_from_packet	16	static
Y:/VM/stm-workspace/STM32CubeN6/Middlewares/ST/netxduo/addons/sntp/nxd_sntp_client.c:2508:7:_nx_sntp_client_receive_time_update	40	static
Y:/VM/stm-workspace/STM32CubeN6/Middlewares/ST/netxduo/addons/sntp/nxd_sntp_client.c:5973:7:_nx_sntp_client_utility_usecs_to_fraction	8	static
Y:/VM/stm-workspace/STM32CubeN6/Middlewares/ST/netxduo/addons/sntp/nxd_sntp_client.c:5909:9:_nxe_sntp_client_utility_usecs_to_fraction	0	static
Y:/VM/stm-workspace/STM32CubeN6/Middlewares/ST/netxduo/addons/sntp/nxd_sntp_client.c:6098:7:_nx_sntp_client_utility_msecs_to_fraction	0	static
Y:/VM/stm-workspace/STM32CubeN6/Middlewares/ST/netxduo/addons/sntp/nxd_sntp_client.c:6032:9:_nxe_sntp_client_utility_msecs_to_fraction	0	static
Y:/VM/stm-workspace/STM32CubeN6/Middlewares/ST/netxduo/addons/sntp/nxd_sntp_client.c:6236:7:_nx_sntp_client_utility_fraction_to_usecs	20	static
Y:/VM/stm-workspace/STM32CubeN6/Middlewares/ST/netxduo/addons/sntp/nxd_sntp_client.c:4239:7:_nx_sntp_client_get_local_time_extended	32	static
Y:/VM/stm-workspace/STM32CubeN6/Middlewares/ST/netxduo/addons/sntp/nxd_sntp_client.c:4107:7:_nx_sntp_client_get_local_time	16	static
Y:/VM/stm-workspace/STM32CubeN6/Middlewares/ST/netxduo/addons/sntp/nxd_sntp_client.c:4036:7:_nxe_sntp_client_get_local_time	8	static,ignoring_inline_asm
Y:/VM/stm-workspace/STM32CubeN6/Middlewares/ST/netxduo/addons/sntp/nxd_sntp_client.c:4162:7:_nxe_sntp_client_get_local_time_extended	12	static,ignoring_inline_asm
Y:/VM/stm-workspace/STM32CubeN6/Middlewares/ST/netxduo/addons/sntp/nxd_sntp_client.c:5613:7:_nx_sntp_client_utility_get_msec_diff	56	static
Y:/VM/stm-workspace/STM32CubeN6/Middlewares/ST/netxduo/addons/sntp/nxd_sntp_client.c:5842:7:_nx_sntp_client_utility_convert_fraction_to_msecs	16	static
Y:/VM/stm-workspace/STM32CubeN6/Middlewares/ST/netxduo/addons/sntp/nxd_sntp_client.c:4456:6:_nx_sntp_client_utility_convert_seconds_to_date	24	static
Y:/VM/stm-workspace/STM32CubeN6/Middlewares/ST/netxduo/addons/sntp/nxd_sntp_client.c:4936:6:_nx_sntp_client_utility_display_date_time	112	static
Y:/VM/stm-workspace/STM32CubeN6/Middlewares/ST/netxduo/addons/sntp/nxd_sntp_client.c:4711:6:_nxe_sntp_client_utility_display_date_time	4	static
Y:/VM/stm-workspace/STM32CubeN6/Middlewares/ST/netxduo/addons/sntp/nxd_sntp_client.c:6174:9:_nxe_sntp_client_utility_fraction_to_usecs	0	static
Y:/VM/stm-workspace/STM32CubeN6/Middlewares/ST/netxduo/addons/sntp/nxd_sntp_client.c:6303:7:_nx_sntp_client_utility_convert_refID_KOD_code	16	static
Y:/VM/stm-workspace/STM32CubeN6/Middlewares/ST/netxduo/addons/sntp/nxd_sntp_client.c:3228:7:_nx_sntp_client_apply_sanity_checks	32	static
Y:/VM/stm-workspace/STM32CubeN6/Middlewares/ST/netxduo/addons/sntp/nxd_sntp_client.c:6422:7:_nx_sntp_client_utility_addition_overflow_check	0	static
Y:/VM/stm-workspace/STM32CubeN6/Middlewares/ST/netxduo/addons/sntp/nxd_sntp_client.c:5091:7:_nx_sntp_client_utility_add_msecs_to_ntp_time	32	static
Y:/VM/stm-workspace/STM32CubeN6/Middlewares/ST/netxduo/addons/sntp/nxd_sntp_client.c:3821:7:_nx_sntp_client_process_time_data	32	static
Y:/VM/stm-workspace/STM32CubeN6/Middlewares/ST/netxduo/addons/sntp/nxd_sntp_client.c:3042:7:_nx_sntp_client_process_update_packet	16	static
Y:/VM/stm-workspace/STM32CubeN6/Middlewares/ST/netxduo/addons/sntp/nxd_sntp_client.c:1295:7:_nx_sntp_client_process_unicast	24	static
Y:/VM/stm-workspace/STM32CubeN6/Middlewares/ST/netxduo/addons/sntp/nxd_sntp_client.c:2185:6:_nx_sntp_client_process_broadcast	32	static
Y:/VM/stm-workspace/STM32CubeN6/Middlewares/ST/netxduo/addons/sntp/nxd_sntp_client.c:3747:7:_nx_sntp_client_process	0	static
Y:/VM/stm-workspace/STM32CubeN6/Middlewares/ST/netxduo/addons/sntp/nxd_sntp_client.c:3601:7:_nx_sntp_client_thread_entry	24	static
Y:/VM/stm-workspace/STM32CubeN6/Middlewares/ST/netxduo/addons/sntp/nxd_sntp_client.c:4843:6:_nx_sntp_client_request_unicast_time	16	static
Y:/VM/stm-workspace/STM32CubeN6/Middlewares/ST/netxduo/addons/sntp/nxd_sntp_client.c:4780:6:_nxe_sntp_client_request_unicast_time	0	static
