Y:/VM/stm-workspace/fall-guard-od/Src/app.c:729:13:my_disconnect_func	0	static
Y:/VM/stm-workspace/fall-guard-od/Src/app.c:1145:17:GetRtcEpoch	72	static
Y:/VM/stm-workspace/fall-guard-od/Src/app.c:1052:13:App_Link_Thread_Entry	48	static
Y:/VM/stm-workspace/fall-guard-od/Src/app.c:922:13:App_MQTT_Client_Thread_Entry	96	static
Y:/VM/stm-workspace/fall-guard-od/Src/app.c:736:13:my_notify_func	0	static
Y:/VM/stm-workspace/fall-guard-od/Src/app.c:818:13:time_update_callback	0	static
Y:/VM/stm-workspace/fall-guard-od/Src/app.c:830:13:App_SNTP_Thread_Entry	72	static
Y:/VM/stm-workspace/fall-guard-od/Src/app.c:657:13:ip_address_change_notify_callback	8	static
Y:/VM/stm-workspace/fall-guard-od/Src/app.c:674:13:nx_app_thread_entry	16	static
Y:/VM/stm-workspace/fall-guard-od/Src/app.c:363:13:nn_thread_fct	160	static,ignoring_inline_asm
Y:/VM/stm-workspace/fall-guard-od/Src/app.c:503:6:string_to_ip	32	static
Y:/VM/stm-workspace/fall-guard-od/Src/app.c:522:6:MX_NetXDuo_Init	64	static
Y:/VM/stm-workspace/fall-guard-od/Src/app.c:461:6:app_run	40	static
Y:/VM/stm-workspace/fall-guard-od/Src/app.c:912:6:mqtt_client_is_connected	0	static
