Y:/VM/stm-workspace/fall-guard-od/Src/app_cam.c:129:6:CAM_Init	96	static
Y:/VM/stm-workspace/fall-guard-od/Src/app_cam.c:149:6:CAM_DeInit	8	static
Y:/VM/stm-workspace/fall-guard-od/Src/app_cam.c:156:6:CAM_DisplayPipe_Start	8	static
Y:/VM/stm-workspace/fall-guard-od/Src/app_cam.c:163:6:CAM_NNPipe_Start	8	static
Y:/VM/stm-workspace/fall-guard-od/Src/app_cam.c:171:6:CAM_DisplayPipe_Stop	8	static
Y:/VM/stm-workspace/fall-guard-od/Src/app_cam.c:178:6:CAM_IspUpdate	8	static
Y:/VM/stm-workspace/fall-guard-od/Src/app_cam.c:190:5:CMW_CAMERA_PIPE_FrameEventCallback	0	static
