../../STM32Cube_FW_N6/Drivers/STM32N6xx_HAL_Driver/Inc/stm32n6xx_ll_bus.h:679:22:LL_MEM_EnableClock	8	static
../../STM32Cube_FW_N6/Drivers/STM32N6xx_HAL_Driver/Inc/stm32n6xx_ll_bus.h:785:22:LL_MEM_EnableClockLowPower	8	static
../../STM32Cube_FW_N6/Drivers/STM32N6xx_HAL_Driver/Inc/stm32n6xx_ll_bus.h:1407:22:LL_AHB4_GRP1_EnableClock	8	static
../../STM32Cube_FW_N6/Drivers/STM32N6xx_HAL_Driver/Inc/stm32n6xx_ll_bus.h:2065:22:LL_AHB5_GRP1_EnableClockLowPower	8	static
Y:/VM/stm-workspace/fall-guard-od/Src/main.c:270:13:SystemClock_Config	632	static
Y:/VM/stm-workspace/fall-guard-od/Src/main.c:647:13:RISAF_Config	24	static
Y:/VM/stm-workspace/fall-guard-od/Src/main.c:523:13:main_thread_fct	96	static
Y:/VM/stm-workspace/fall-guard-od/Src/main.c:148:6:Success_Handler	8	static
Y:/VM/stm-workspace/fall-guard-od/Src/main.c:194:6:tx_application_define	40	static
Y:/VM/stm-workspace/fall-guard-od/Src/main.c:263:6:IAC_IRQHandler	0	static
Y:/VM/stm-workspace/fall-guard-od/Src/main.c:552:19:MX_DCMIPP_ClockConfig	408	static
Y:/VM/stm-workspace/fall-guard-od/Src/main.c:575:6:HAL_CACHEAXI_MspInit	16	static
Y:/VM/stm-workspace/fall-guard-od/Src/main.c:583:6:HAL_CACHEAXI_MspDeInit	0	static
Y:/VM/stm-workspace/fall-guard-od/Src/main.c:590:6:MPU_Config	40	static,ignoring_inline_asm
Y:/VM/stm-workspace/fall-guard-od/Src/main.c:668:6:HAL_TIM_PeriodElapsedCallback	0	static
Y:/VM/stm-workspace/fall-guard-od/Src/main.c:679:6:Error_Handler	8	static
Y:/VM/stm-workspace/fall-guard-od/Src/main.c:162:5:main	176	static,ignoring_inline_asm
Y:/VM/stm-workspace/fall-guard-od/Src/main.c:710:45:app_clean_invalidate_dbg	16	static,ignoring_inline_asm
